
> buzzinhyd-web@0.1.0 build C:\Users\ahad\.gemini\antigravity\scratch\buzzinhyd-web
> next build

  Γû▓ Next.js 14.2.35

   Creating an optimized production build ...
node.exe : Failed to 
compile.
At C:\Users\ahad\AppData
\Roaming\npm\pnpm.ps1:24
 char:5
+     & "node$exe"  "$ba
sedir/node_modules/pnpm/
bin/pnpm.cjs" $args
+     ~~~~~~~~~~~~~~~~~~
~~~~~~~~~~~~~~~~~~~~~~~~
~~~~~~~~~~~~~~~~~~~
    + CategoryInfo      
        : NotSpecified: 
(Fai    led to 
compile.:String    ) 
[], RemoteException
    + 
FullyQualifiedErrorI    
d : NativeCommandError
 

./src/app/globals.css.we
bpack[javascript/auto]!=
!./node_modules/.pnpm/ne
xt@14.2.35_react-dom@18.
3.1_react@18.3.1__react@
18.3.1/node_modules/next
/dist/build/webpack/load
ers/css-loader/src/index
.js??ruleSet[1].rules[14
].oneOf[12].use[2]!./nod
e_modules/.pnpm/next@14.
2.35_react-dom@18.3.1_re
act@18.3.1__react@18.3.1
/node_modules/next/dist/
build/webpack/loaders/po
stcss-loader/src/index.j
s??ruleSet[1].rules[14].
oneOf[12].use[3]!./src/a
pp/globals.css
Error: It looks like 
you're trying to use 
`tailwindcss` directly 
as a PostCSS plugin. 
The PostCSS plugin has 
moved to a separate 
package, so to continue 
using Tailwind CSS with 
PostCSS you'll need to 
install 
`@tailwindcss/postcss` 
and update your PostCSS 
configuration.
    at at (C:\Users\ahad
\.gemini\antigravity\scr
atch\buzzinhyd-web\node_
modules\.pnpm\tailwindcs
s@4.2.2\node_modules\tai
lwindcss\dist\lib.js:38:
1643)
    at 
LazyResult.runOnRoot (C:
\Users\ahad\.gemini\anti
gravity\scratch\buzzinhy
d-web\node_modules\.pnpm
\postcss@8.4.31\node_mod
ules\postcss\lib\lazy-re
sult.js:329:16)
    at 
LazyResult.runAsync (C:\
Users\ahad\.gemini\antig
ravity\scratch\buzzinhyd
-web\node_modules\.pnpm\
postcss@8.4.31\node_modu
les\postcss\lib\lazy-res
ult.js:258:26)
    at LazyResult.async 
(C:\Users\ahad\.gemini\a
ntigravity\scratch\buzzi
nhyd-web\node_modules\.p
npm\postcss@8.4.31\node_
modules\postcss\lib\lazy
-result.js:160:30)
    at LazyResult.then (
C:\Users\ahad\.gemini\an
tigravity\scratch\buzzin
hyd-web\node_modules\.pn
pm\postcss@8.4.31\node_m
odules\postcss\lib\lazy-
result.js:404:17)
    at async 
Span.traceAsyncFn (C:\Us
ers\ahad\.gemini\antigra
vity\scratch\buzzinhyd-w
eb\node_modules\.pnpm\ne
xt@14.2.35_react-dom@18.
3.1_react@18.3.1__react@
18.3.1\node_modules\next
\dist\trace\trace.js:154
:20)
    at async C:\Users\ah
ad\.gemini\antigravity\s
cratch\buzzinhyd-web\nod
e_modules\.pnpm\next@14.
2.35_react-dom@18.3.1_re
act@18.3.1__react@18.3.1
\node_modules\next\dist\
build\webpack\loaders\po
stcss-loader\src\index.j
s:54:22
    at async 
Span.traceAsyncFn (C:\Us
ers\ahad\.gemini\antigra
vity\scratch\buzzinhyd-w
eb\node_modules\.pnpm\ne
xt@14.2.35_react-dom@18.
3.1_react@18.3.1__react@
18.3.1\node_modules\next
\dist\trace\trace.js:154
:20)

Import trace for 
requested module:
./src/app/globals.css.we
bpack[javascript/auto]!=
!./node_modules/.pnpm/ne
xt@14.2.35_react-dom@18.
3.1_react@18.3.1__react@
18.3.1/node_modules/next
/dist/build/webpack/load
ers/css-loader/src/index
.js??ruleSet[1].rules[14
].oneOf[12].use[2]!./nod
e_modules/.pnpm/next@14.
2.35_react-dom@18.3.1_re
act@18.3.1__react@18.3.1
/node_modules/next/dist/
build/webpack/loaders/po
stcss-loader/src/index.j
s??ruleSet[1].rules[14].
oneOf[12].use[3]!./src/a
pp/globals.css
./src/app/globals.css

./src/app/globals.css
Error: It looks like 
you're trying to use 
`tailwindcss` directly 
as a PostCSS plugin. 
The PostCSS plugin has 
moved to a separate 
package, so to continue 
using Tailwind CSS with 
PostCSS you'll need to 
install 
`@tailwindcss/postcss` 
and update your PostCSS 
configuration.
    at at (C:\Users\ahad
\.gemini\antigravity\scr
atch\buzzinhyd-web\node_
modules\.pnpm\tailwindcs
s@4.2.2\node_modules\tai
lwindcss\dist\lib.js:38:
1643)
    at 
LazyResult.runOnRoot (C:
\Users\ahad\.gemini\anti
gravity\scratch\buzzinhy
d-web\node_modules\.pnpm
\postcss@8.4.31\node_mod
ules\postcss\lib\lazy-re
sult.js:329:16)
    at 
LazyResult.runAsync (C:\
Users\ahad\.gemini\antig
ravity\scratch\buzzinhyd
-web\node_modules\.pnpm\
postcss@8.4.31\node_modu
les\postcss\lib\lazy-res
ult.js:258:26)
    at LazyResult.async 
(C:\Users\ahad\.gemini\a
ntigravity\scratch\buzzi
nhyd-web\node_modules\.p
npm\postcss@8.4.31\node_
modules\postcss\lib\lazy
-result.js:160:30)
    at LazyResult.then (
C:\Users\ahad\.gemini\an
tigravity\scratch\buzzin
hyd-web\node_modules\.pn
pm\postcss@8.4.31\node_m
odules\postcss\lib\lazy-
result.js:404:17)
    at async 
Span.traceAsyncFn (C:\Us
ers\ahad\.gemini\antigra
vity\scratch\buzzinhyd-w
eb\node_modules\.pnpm\ne
xt@14.2.35_react-dom@18.
3.1_react@18.3.1__react@
18.3.1\node_modules\next
\dist\trace\trace.js:154
:20)
    at async C:\Users\ah
ad\.gemini\antigravity\s
cratch\buzzinhyd-web\nod
e_modules\.pnpm\next@14.
2.35_react-dom@18.3.1_re
act@18.3.1__react@18.3.1
\node_modules\next\dist\
build\webpack\loaders\po
stcss-loader\src\index.j
s:54:22
    at async 
Span.traceAsyncFn (C:\Us
ers\ahad\.gemini\antigra
vity\scratch\buzzinhyd-w
eb\node_modules\.pnpm\ne
xt@14.2.35_react-dom@18.
3.1_react@18.3.1__react@
18.3.1\node_modules\next
\dist\trace\trace.js:154
:20)
    at 
tryRunOrWebpackError (C:
\Users\ahad\.gemini\anti
gravity\scratch\buzzinhy
d-web\node_modules\.pnpm
\next@14.2.35_react-dom@
18.3.1_react@18.3.1__rea
ct@18.3.1\node_modules\n
ext\dist\compiled\webpac
k\bundle5.js:28:312989)
    at __webpack_require
_module__ (C:\Users\ahad
\.gemini\antigravity\scr
atch\buzzinhyd-web\node_
modules\.pnpm\next@14.2.
35_react-dom@18.3.1_reac
t@18.3.1__react@18.3.1\n
ode_modules\next\dist\co
mpiled\webpack\bundle5.j
s:28:131165)
    at __nested_webpack_
require_153728__ (C:\Use
rs\ahad\.gemini\antigrav
ity\scratch\buzzinhyd-we
b\node_modules\.pnpm\nex
t@14.2.35_react-dom@18.3
.1_react@18.3.1__react@1
8.3.1\node_modules\next\
dist\compiled\webpack\bu
ndle5.js:28:130607)
    at C:\Users\ahad\.ge
mini\antigravity\scratch
\buzzinhyd-web\node_modu
les\.pnpm\next@14.2.35_r
eact-dom@18.3.1_react@18
.3.1__react@18.3.1\node_
modules\next\dist\compil
ed\webpack\bundle5.js:28
:131454
    at symbolIterator (C
:\Users\ahad\.gemini\ant
igravity\scratch\buzzinh
yd-web\node_modules\.pnp
m\next@14.2.35_react-dom
@18.3.1_react@18.3.1__re
act@18.3.1\node_modules\
next\dist\compiled\neo-a
sync\async.js:1:14444)
    at done (C:\Users\ah
ad\.gemini\antigravity\s
cratch\buzzinhyd-web\nod
e_modules\.pnpm\next@14.
2.35_react-dom@18.3.1_re
act@18.3.1__react@18.3.1
\node_modules\next\dist\
compiled\neo-async\async
.js:1:14824)
    at Hook.eval [as 
callAsync] (eval at 
create (C:\Users\ahad\.g
emini\antigravity\scratc
h\buzzinhyd-web\node_mod
ules\.pnpm\next@14.2.35_
react-dom@18.3.1_react@1
8.3.1__react@18.3.1\node
_modules\next\dist\compi
led\webpack\bundle5.js:1
3:28858), 
<anonymous>:15:1)
    at Hook.CALL_ASYNC_D
ELEGATE [as _callAsync] 
(C:\Users\ahad\.gemini\a
ntigravity\scratch\buzzi
nhyd-web\node_modules\.p
npm\next@14.2.35_react-d
om@18.3.1_react@18.3.1__
react@18.3.1\node_module
s\next\dist\compiled\web
pack\bundle5.js:13:26012
)
    at C:\Users\ahad\.ge
mini\antigravity\scratch
\buzzinhyd-web\node_modu
les\.pnpm\next@14.2.35_r
eact-dom@18.3.1_react@18
.3.1__react@18.3.1\node_
modules\next\dist\compil
ed\webpack\bundle5.js:28
:130328
    at symbolIterator (C
:\Users\ahad\.gemini\ant
igravity\scratch\buzzinh
yd-web\node_modules\.pnp
m\next@14.2.35_react-dom
@18.3.1_react@18.3.1__re
act@18.3.1\node_modules\
next\dist\compiled\neo-a
sync\async.js:1:14402)
-- inner error --
Error: It looks like 
you're trying to use 
`tailwindcss` directly 
as a PostCSS plugin. 
The PostCSS plugin has 
moved to a separate 
package, so to continue 
using Tailwind CSS with 
PostCSS you'll need to 
install 
`@tailwindcss/postcss` 
and update your PostCSS 
configuration.
    at at (C:\Users\ahad
\.gemini\antigravity\scr
atch\buzzinhyd-web\node_
modules\.pnpm\tailwindcs
s@4.2.2\node_modules\tai
lwindcss\dist\lib.js:38:
1643)
    at 
LazyResult.runOnRoot (C:
\Users\ahad\.gemini\anti
gravity\scratch\buzzinhy
d-web\node_modules\.pnpm
\postcss@8.4.31\node_mod
ules\postcss\lib\lazy-re
sult.js:329:16)
    at 
LazyResult.runAsync (C:\
Users\ahad\.gemini\antig
ravity\scratch\buzzinhyd
-web\node_modules\.pnpm\
postcss@8.4.31\node_modu
les\postcss\lib\lazy-res
ult.js:258:26)
    at LazyResult.async 
(C:\Users\ahad\.gemini\a
ntigravity\scratch\buzzi
nhyd-web\node_modules\.p
npm\postcss@8.4.31\node_
modules\postcss\lib\lazy
-result.js:160:30)
    at LazyResult.then (
C:\Users\ahad\.gemini\an
tigravity\scratch\buzzin
hyd-web\node_modules\.pn
pm\postcss@8.4.31\node_m
odules\postcss\lib\lazy-
result.js:404:17)
    at async 
Span.traceAsyncFn (C:\Us
ers\ahad\.gemini\antigra
vity\scratch\buzzinhyd-w
eb\node_modules\.pnpm\ne
xt@14.2.35_react-dom@18.
3.1_react@18.3.1__react@
18.3.1\node_modules\next
\dist\trace\trace.js:154
:20)
    at async C:\Users\ah
ad\.gemini\antigravity\s
cratch\buzzinhyd-web\nod
e_modules\.pnpm\next@14.
2.35_react-dom@18.3.1_re
act@18.3.1__react@18.3.1
\node_modules\next\dist\
build\webpack\loaders\po
stcss-loader\src\index.j
s:54:22
    at async 
Span.traceAsyncFn (C:\Us
ers\ahad\.gemini\antigra
vity\scratch\buzzinhyd-w
eb\node_modules\.pnpm\ne
xt@14.2.35_react-dom@18.
3.1_react@18.3.1__react@
18.3.1\node_modules\next
\dist\trace\trace.js:154
:20)
    at 
Object.<anonymous> (C:\U
sers\ahad\.gemini\antigr
avity\scratch\buzzinhyd-
web\node_modules\.pnpm\n
ext@14.2.35_react-dom@18
.3.1_react@18.3.1__react
@18.3.1\node_modules\nex
t\dist\build\webpack\loa
ders\css-loader\src\inde
x.js??ruleSet[1].rules[1
4].oneOf[12].use[2]!C:\U
sers\ahad\.gemini\antigr
avity\scratch\buzzinhyd-
web\node_modules\.pnpm\n
ext@14.2.35_react-dom@18
.3.1_react@18.3.1__react
@18.3.1\node_modules\nex
t\dist\build\webpack\loa
ders\postcss-loader\src\
index.js??ruleSet[1].rul
es[14].oneOf[12].use[3]!
C:\Users\ahad\.gemini\an
tigravity\scratch\buzzin
hyd-web\src\app\globals.
css:1:7)
    at C:\Users\ahad\.ge
mini\antigravity\scratch
\buzzinhyd-web\node_modu
les\.pnpm\next@14.2.35_r
eact-dom@18.3.1_react@18
.3.1__react@18.3.1\node_
modules\next\dist\compil
ed\webpack\bundle5.js:28
:922493
    at Hook.eval [as 
call] (eval at create (C
:\Users\ahad\.gemini\ant
igravity\scratch\buzzinh
yd-web\node_modules\.pnp
m\next@14.2.35_react-dom
@18.3.1_react@18.3.1__re
act@18.3.1\node_modules\
next\dist\compiled\webpa
ck\bundle5.js:13:28636),
 <anonymous>:7:1)
    at 
Hook.CALL_DELEGATE [as 
_call] (C:\Users\ahad\.g
emini\antigravity\scratc
h\buzzinhyd-web\node_mod
ules\.pnpm\next@14.2.35_
react-dom@18.3.1_react@1
8.3.1__react@18.3.1\node
_modules\next\dist\compi
led\webpack\bundle5.js:1
3:25906)
    at C:\Users\ahad\.ge
mini\antigravity\scratch
\buzzinhyd-web\node_modu
les\.pnpm\next@14.2.35_r
eact-dom@18.3.1_react@18
.3.1__react@18.3.1\node_
modules\next\dist\compil
ed\webpack\bundle5.js:28
:131198
    at 
tryRunOrWebpackError (C:
\Users\ahad\.gemini\anti
gravity\scratch\buzzinhy
d-web\node_modules\.pnpm
\next@14.2.35_react-dom@
18.3.1_react@18.3.1__rea
ct@18.3.1\node_modules\n
ext\dist\compiled\webpac
k\bundle5.js:28:312943)
    at __webpack_require
_module__ (C:\Users\ahad
\.gemini\antigravity\scr
atch\buzzinhyd-web\node_
modules\.pnpm\next@14.2.
35_react-dom@18.3.1_reac
t@18.3.1__react@18.3.1\n
ode_modules\next\dist\co
mpiled\webpack\bundle5.j
s:28:131165)
    at __nested_webpack_
require_153728__ (C:\Use
rs\ahad\.gemini\antigrav
ity\scratch\buzzinhyd-we
b\node_modules\.pnpm\nex
t@14.2.35_react-dom@18.3
.1_react@18.3.1__react@1
8.3.1\node_modules\next\
dist\compiled\webpack\bu
ndle5.js:28:130607)
    at C:\Users\ahad\.ge
mini\antigravity\scratch
\buzzinhyd-web\node_modu
les\.pnpm\next@14.2.35_r
eact-dom@18.3.1_react@18
.3.1__react@18.3.1\node_
modules\next\dist\compil
ed\webpack\bundle5.js:28
:131454
    at symbolIterator (C
:\Users\ahad\.gemini\ant
igravity\scratch\buzzinh
yd-web\node_modules\.pnp
m\next@14.2.35_react-dom
@18.3.1_react@18.3.1__re
act@18.3.1\node_modules\
next\dist\compiled\neo-a
sync\async.js:1:14444)

Generated code for C:\Us
ers\ahad\.gemini\antigra
vity\scratch\buzzinhyd-w
eb\node_modules\.pnpm\ne
xt@14.2.35_react-dom@18.
3.1_react@18.3.1__react@
18.3.1\node_modules\next
\dist\build\webpack\load
ers\css-loader\src\index
.js??ruleSet[1].rules[14
].oneOf[12].use[2]!C:\Us
ers\ahad\.gemini\antigra
vity\scratch\buzzinhyd-w
eb\node_modules\.pnpm\ne
xt@14.2.35_react-dom@18.
3.1_react@18.3.1__react@
18.3.1\node_modules\next
\dist\build\webpack\load
ers\postcss-loader\src\i
ndex.js??ruleSet[1].rule
s[14].oneOf[12].use[3]!C
:\Users\ahad\.gemini\ant
igravity\scratch\buzzinh
yd-web\src\app\globals.c
ss

Import trace for 
requested module:
./src/app/globals.css


> Build failed because 
of webpack errors
ΓÇëELIFECYCLEΓÇë Command failed with exit code 1.
